[hubx.digital/cosmos/index.html]
[backblue.gif]
[fade.gif]
[index.html]
[hubx.digital/cosmos/o,baseURI]
[hubx.digital/cosmos/GET]
[analytics.tiktok.com/i18n/pixel/events.js]
[connect.facebook.net/en_US/fbevents.js]
[s.pinimg.com/ct/core.js]
[hubx.digital/cosmos/Edge/index.html]
[hubx.digital/cosmos/POST]
[cdn-ienfc.nitrocdn.com/lnblwrGSgmazhfqNIrzWhndXPUljvtPN/assets/static/optimized/rev-0460670/c0.wp.com/c/6.3.1/wp-includes/js/jquery/nitro-min-jquery.min.js]
[cdn-ienfc.nitrocdn.com/lnblwrGSgmazhfqNIrzWhndXPUljvtPN/assets/static/optimized/rev-0460670/c0.wp.com/c/6.3.1/wp-includes/js/jquery/nitro-min-jquery-migrate.min.js]
[cdn-ienfc.nitrocdn.com/lnblwrGSgmazhfqNIrzWhndXPUljvtPN/assets/static/optimized/rev-0460670/hubx.digital/wp-content/plugins/jetpack/jetpack_vendor/automattic/jetpack-image-c/nitro-min-dca92d2ce0f1b]
[cdn-ienfc.nitrocdn.com/lnblwrGSgmazhfqNIrzWhndXPUljvtPN/assets/static/optimized/rev-0460670/stats.wp.com/nitro-min-e-202339.js]
[cdn-ienfc.nitrocdn.com/lnblwrGSgmazhfqNIrzWhndXPUljvtPN/assets/static/optimized/rev-0460670/hubx.digital/wp-content/plugins/elementor/assets/lib/font-awesome/js/nitro-min-afc75d54b931939cbb13a5472f]
[cdn-ienfc.nitrocdn.com/lnblwrGSgmazhfqNIrzWhndXPUljvtPN/assets/static/optimized/rev-0460670/hubx.digital/wp-content/plugins/cookie-notice/js/nitro-min-367aeb97cb81cf8a4ed3f374f5da756b.front.min.9.d]
[cdn-ienfc.nitrocdn.com/lnblwrGSgmazhfqNIrzWhndXPUljvtPN/assets/static/optimized/rev-0460670/c0.wp.com/c/6.3.1/wp-includes/js/jquery/ui/nitro-min-core.min.js]
[cdn-ienfc.nitrocdn.com/lnblwrGSgmazhfqNIrzWhndXPUljvtPN/assets/static/optimized/rev-0460670/hubx.digital/combinedCss/nitro-min-noimport-08ce4c1007a658c567a35d17e55180bc-stylesheet.css]
[cdn-ienfc.nitrocdn.com/lnblwrGSgmazhfqNIrzWhndXPUljvtPN/assets/static/optimized/rev-0460670/hubx.digital/combinedCss/nitro-min-noimport-126463e32dbfa7fe0734000519a05823-stylesheet.css]
[cdn-ienfc.nitrocdn.com/lnblwrGSgmazhfqNIrzWhndXPUljvtPN/assets/static/optimized/rev-0460670/hubx.digital/wp-content/plugins/page-scroll-to-id/js/nitro-min-725da18ec06ee7e9c7dfae3067943627.page-scro]
[cdn-ienfc.nitrocdn.com/lnblwrGSgmazhfqNIrzWhndXPUljvtPN/assets/static/optimized/rev-0460670/hubx.digital/combinedCss/nitro-min-noimport-fa4f7609d7178d38d51f1a447f301871-stylesheet.css]
[cdn-ienfc.nitrocdn.com/lnblwrGSgmazhfqNIrzWhndXPUljvtPN/assets/static/optimized/rev-0460670/hubx.digital/combinedCss/nitro-min-noimport-2b484c7acc60042bc0dfbc938342fb0e-stylesheet.css]
[cdn-ienfc.nitrocdn.com/lnblwrGSgmazhfqNIrzWhndXPUljvtPN/assets/static/optimized/rev-0460670/hubx.digital/combinedCss/nitro-min-noimport-d4037f8f48e613b491c59e868fff88ac-stylesheet.css]
[hubx.digital/cosmos/index.html]
[cdn-ienfc.nitrocdn.com/lnblwrGSgmazhfqNIrzWhndXPUljvtPN/assets/static/optimized/rev-0460670/hubx.digital/externalFontFace/nitro-min-noimport-79e3538f3fd3d72842f2dabebc6beccc-stylesheet.css]
[hubx.digital/cosmos/o,baseURI.html]
[cdn-ienfc.nitrocdn.com/lnblwrGSgmazhfqNIrzWhndXPUljvtPN/assets/static/optimized/rev-0460670/hubx.digital/wp-content/plugins/essential-addons-for-elementor-lite/assets/front-/nitro-min-29ad7a5879b58]
[hubx.digital/cosmos/GET.html]
[cdn-ienfc.nitrocdn.com/lnblwrGSgmazhfqNIrzWhndXPUljvtPN/assets/static/optimized/rev-0460670/hubx.digital/wp-content/uploads/essential-addons-elementor/nitro-min-b3e35cba6e66c9077b5717865847e9de.eae]
[hubx.digital/cosmos/Edge/index.html]
[cdn-ienfc.nitrocdn.com/lnblwrGSgmazhfqNIrzWhndXPUljvtPN/assets/static/optimized/rev-0460670/hubx.digital/wp-content/plugins/happy-elementor-addons/assets/js/nitro-min-6f61b34dc43601142b208d816bb0dc]
[cdn-ienfc.nitrocdn.com/lnblwrGSgmazhfqNIrzWhndXPUljvtPN/assets/static/optimized/rev-0460670/hubx.digital/wp-content/plugins/happy-elementor-addons/assets/vendor/slick/nitro-min-6f61b34dc43601142b20]
[cdn-ienfc.nitrocdn.com/lnblwrGSgmazhfqNIrzWhndXPUljvtPN/assets/static/optimized/rev-0460670/hubx.digital/wp-content/plugins/elementskit-lite/widgets/init/assets/js/nitro-min-ab7de51abce450193545d40]
[cdn-ienfc.nitrocdn.com/lnblwrGSgmazhfqNIrzWhndXPUljvtPN/assets/static/optimized/rev-0460670/hubx.digital/wp-content/plugins/elementor/assets/js/nitro-min-afc75d54b931939cbb13a5472ff39002.webpack.ru]
[cdn-ienfc.nitrocdn.com/lnblwrGSgmazhfqNIrzWhndXPUljvtPN/assets/static/optimized/rev-0460670/hubx.digital/wp-content/plugins/elementor/assets/js/nitro-min-afc75d54b931939cbb13a5472ff39002.frontend-m]
[cdn-ienfc.nitrocdn.com/lnblwrGSgmazhfqNIrzWhndXPUljvtPN/assets/static/optimized/rev-0460670/hubx.digital/wp-content/plugins/elementor/assets/lib/waypoints/nitro-min-05dab1e7174ef3cb7c002a1ae16cb972]
[cdn-ienfc.nitrocdn.com/lnblwrGSgmazhfqNIrzWhndXPUljvtPN/assets/static/optimized/rev-0460670/hubx.digital/wp-content/plugins/elementor/assets/js/nitro-min-afc75d54b931939cbb13a5472ff39002.frontend.m]
[cdn-ienfc.nitrocdn.com/lnblwrGSgmazhfqNIrzWhndXPUljvtPN/assets/static/optimized/rev-0460670/hubx.digital/wp-content/plugins/elementskit-lite/widgets/init/assets/js/nitro-min-ab7de51abce450193545d40-2]
[cdn-ienfc.nitrocdn.com/lnblwrGSgmazhfqNIrzWhndXPUljvtPN/assets/static/optimized/rev-0460670/hubx.digital/wp-content/plugins/elementskit-lite/widgets/init/assets/js/nitro-min-ab7de51abce450193545d40-3]
[hubx.digital/cosmos/b.resolvedLink]
[hubx.digital/cosmos/schema.org/index.html]
[hubx.digital/signals/iwl.js]
[connect.facebook.net/en_US/fbevents.js]
[hubx.digital/cosmos/POST.html]
[cdn-ienfc.nitrocdn.com/lnblwrGSgmazhfqNIrzWhndXPUljvtPN/assets/static/optimized/rev-0460670/hubx.digital/wp-content/plugins/cookie-notice/js/nitro-min-367aeb97cb81cf8a4ed3f374f5da756b.front.min.9.d]
[cdn-ienfc.nitrocdn.com/lnblwrGSgmazhfqNIrzWhndXPUljvtPN/assets/static/optimized/rev-0460670/hubx.digital/wp-content/plugins/elementor/assets/lib/font-awesome/js/nitro-min-afc75d54b931939cbb13a5472f]
[cdn-ienfc.nitrocdn.com/lnblwrGSgmazhfqNIrzWhndXPUljvtPN/assets/static/optimized/rev-0460670/hubx.digital/wp-content/plugins/jetpack/jetpack_vendor/automattic/jetpack-image-c/nitro-min-dca92d2ce0f1b]
[cdn-ienfc.nitrocdn.com/lnblwrGSgmazhfqNIrzWhndXPUljvtPN/assets/static/optimized/rev-0460670/hubx.digital/wp-content/plugins/page-scroll-to-id/js/nitro-min-725da18ec06ee7e9c7dfae3067943627.page-scro]
[cdn-ienfc.nitrocdn.com/lnblwrGSgmazhfqNIrzWhndXPUljvtPN/assets/static/optimized/rev-0460670/hubx.digital/wp-content/plugins/elementskit-lite/libs/framework/assets/js/nitro-min-ab7de51abce450193545d]
[cdn-ienfc.nitrocdn.com/lnblwrGSgmazhfqNIrzWhndXPUljvtPN/assets/static/optimized/rev-0460670/hubx.digital/wp-content/plugins/elementskit-lite/widgets/init/assets/js/nitro-min-ab7de51abce450193545d40]
[cdn-ienfc.nitrocdn.com/lnblwrGSgmazhfqNIrzWhndXPUljvtPN/assets/static/optimized/rev-0460670/hubx.digital/wp-content/plugins/essential-addons-for-elementor-lite/assets/front-/nitro-min-29ad7a5879b58]
[cdn-ienfc.nitrocdn.com/lnblwrGSgmazhfqNIrzWhndXPUljvtPN/assets/static/optimized/rev-0460670/hubx.digital/wp-content/uploads/essential-addons-elementor/nitro-min-b3e35cba6e66c9077b5717865847e9de.eae]
[cdn-ienfc.nitrocdn.com/lnblwrGSgmazhfqNIrzWhndXPUljvtPN/assets/static/optimized/rev-0460670/hubx.digital/wp-content/plugins/happy-elementor-addons/assets/vendor/slick/nitro-min-6f61b34dc43601142b20]
[cdn-ienfc.nitrocdn.com/lnblwrGSgmazhfqNIrzWhndXPUljvtPN/assets/static/optimized/rev-0460670/hubx.digital/wp-content/plugins/happy-elementor-addons/assets/js/nitro-min-6f61b34dc43601142b208d816bb0dc]
[cdn-ienfc.nitrocdn.com/lnblwrGSgmazhfqNIrzWhndXPUljvtPN/assets/static/optimized/rev-0460670/hubx.digital/wp-content/plugins/elementor/assets/js/nitro-min-afc75d54b931939cbb13a5472ff39002.webpack.ru]
[cdn-ienfc.nitrocdn.com/lnblwrGSgmazhfqNIrzWhndXPUljvtPN/assets/static/optimized/rev-0460670/hubx.digital/wp-content/plugins/elementor/assets/js/nitro-min-afc75d54b931939cbb13a5472ff39002.frontend-m]
[cdn-ienfc.nitrocdn.com/lnblwrGSgmazhfqNIrzWhndXPUljvtPN/assets/static/optimized/rev-0460670/hubx.digital/wp-content/plugins/elementor/assets/lib/waypoints/nitro-min-05dab1e7174ef3cb7c002a1ae16cb972]
[hubx.digital/cosmos/Trident/index.html]
[hubx.digital/cosmos/-negative.26.delayed]
[cdn-ienfc.nitrocdn.com/lnblwrGSgmazhfqNIrzWhndXPUljvtPN/assets/static/optimized/rev-0460670/hubx.digital/wp-content/plugins/elementor/assets/js/nitro-min-afc75d54b931939cbb13a5472ff39002.frontend.m]
[cdn-ienfc.nitrocdn.com/lnblwrGSgmazhfqNIrzWhndXPUljvtPN/assets/static/optimized/rev-0460670/hubx.digital/wp-content/plugins/elementskit-lite/widgets/init/assets/js/nitro-min-ab7de51abce450193545d40-2]
[cdn-ienfc.nitrocdn.com/lnblwrGSgmazhfqNIrzWhndXPUljvtPN/assets/static/optimized/rev-0460670/hubx.digital/wp-content/plugins/elementskit-lite/widgets/init/assets/js/nitro-min-ab7de51abce450193545d40-3]
[cdn-ienfc.nitrocdn.com/lnblwrGSgmazhfqNIrzWhndXPUljvtPN/assets/static/optimized/rev-0460670/hubx.digital/combinedCss/nitro-min-noimport-08ce4c1007a658c567a35d17e55180bc-stylesheet.css]
[cdn-ienfc.nitrocdn.com/lnblwrGSgmazhfqNIrzWhndXPUljvtPN/assets/static/optimized/rev-0460670/hubx.digital/combinedCss/nitro-min-noimport-126463e32dbfa7fe0734000519a05823-stylesheet.css]
[cdn-ienfc.nitrocdn.com/lnblwrGSgmazhfqNIrzWhndXPUljvtPN/assets/static/optimized/rev-0460670/hubx.digital/combinedCss/nitro-min-noimport-fa4f7609d7178d38d51f1a447f301871-stylesheet.css]
[hubx.digital/cosmos/OPR/index.html]
[cdn-ienfc.nitrocdn.com/lnblwrGSgmazhfqNIrzWhndXPUljvtPN/assets/images/optimized/rev-0460670/hubx.digital/wp-content/uploads/2022/06/PRE-VENDA-1.png]
[cdn-ienfc.nitrocdn.com/lnblwrGSgmazhfqNIrzWhndXPUljvtPN/assets/images/optimized/rev-0460670/hubx.digital/wp-content/plugins/h5p/h5p-php-library/images/157612113ce533659b235a200c97c899.throbber.27.d]
[cdn-ienfc.nitrocdn.com/lnblwrGSgmazhfqNIrzWhndXPUljvtPN/assets/images/optimized/rev-0460670/hubx.digital/wp-content/plugins/elementskit-lite/widgets/init/assets/img/arrow.png]
[cdn-ienfc.nitrocdn.com/lnblwrGSgmazhfqNIrzWhndXPUljvtPN/assets/images/optimized/rev-0460670/hubx.digital/wp-content/plugins/elementskit-lite/widgets/init/assets/img/sort_asc.png]
[cdn-ienfc.nitrocdn.com/lnblwrGSgmazhfqNIrzWhndXPUljvtPN/assets/images/optimized/rev-0460670/hubx.digital/wp-content/plugins/elementskit-lite/widgets/init/assets/img/sort_desc.png]
[cdn-ienfc.nitrocdn.com/lnblwrGSgmazhfqNIrzWhndXPUljvtPN/assets/images/optimized/rev-0460670/hubx.digital/wp-content/plugins/elementskit-lite/widgets/init/assets/img/sort_asc_disabled.png]
[cdn-ienfc.nitrocdn.com/lnblwrGSgmazhfqNIrzWhndXPUljvtPN/assets/images/optimized/rev-0460670/hubx.digital/wp-content/plugins/happy-elementor-addons/assets/vendor/slick/ajax-loader.gif]
[cdn-ienfc.nitrocdn.com/lnblwrGSgmazhfqNIrzWhndXPUljvtPN/assets/images/optimized/rev-0460670/c0.wp.com/p/jetpack/12.6.2/modules/shortcodes/img/slideshow-controls.png]
[cdn-ienfc.nitrocdn.com/lnblwrGSgmazhfqNIrzWhndXPUljvtPN/assets/images/optimized/rev-0460670/c0.wp.com/p/jetpack/12.6.2/modules/shortcodes/img/slideshow-controls-2x.png]
[cdn-ienfc.nitrocdn.com/lnblwrGSgmazhfqNIrzWhndXPUljvtPN/assets/images/optimized/rev-0460670/c0.wp.com/p/jetpack/12.6.2/modules/shortcodes/images/slide-nav.png]
[cdn-ienfc.nitrocdn.com/lnblwrGSgmazhfqNIrzWhndXPUljvtPN/assets/images/optimized/rev-0460670/c0.wp.com/p/jetpack/12.6.2/modules/shortcodes/images/expand.png]
[cdn-ienfc.nitrocdn.com/lnblwrGSgmazhfqNIrzWhndXPUljvtPN/assets/images/optimized/rev-0460670/c0.wp.com/p/jetpack/12.6.2/modules/shortcodes/images/collapse.png]
[cdn-ienfc.nitrocdn.com/lnblwrGSgmazhfqNIrzWhndXPUljvtPN/assets/images/source/rev-0460670/secure.gravatar.com/images/grav-share-sprite.png]
[cdn-ienfc.nitrocdn.com/lnblwrGSgmazhfqNIrzWhndXPUljvtPN/assets/images/source/rev-0460670/secure.gravatar.com/images/grav-share-sprite-2x.png]
[cdn-ienfc.nitrocdn.com/lnblwrGSgmazhfqNIrzWhndXPUljvtPN/assets/static/optimized/rev-0460670/hubx.digital/combinedCss/nitro-min-noimport-2b484c7acc60042bc0dfbc938342fb0e-stylesheet.css]
[cdn-ienfc.nitrocdn.com/lnblwrGSgmazhfqNIrzWhndXPUljvtPN/assets/static/optimized/rev-0460670/hubx.digital/combinedCss/nitro-min-noimport-d4037f8f48e613b491c59e868fff88ac-stylesheet.css]
[cdn-ienfc.nitrocdn.com/lnblwrGSgmazhfqNIrzWhndXPUljvtPN/assets/static/optimized/rev-0460670/hubx.digital/externalFontFace/nitro-min-noimport-79e3538f3fd3d72842f2dabebc6beccc-stylesheet.css]
[hubx.digital/cosmos/schema.org/index.html]
[hubx.digital/cosmos/b.html]
[hubx.digital/signals/iwl.html]
[hubx.digital/cosmos/Trident/index.html]
[hubx.digital/cosmos/-negative.html]
[hubx.digital/cosmos/OPR/index.html]
