[backblue.gif]
[fade.gif]
[index.html]
[hubx.digital/cosmos/o,baseURI]
[hubx.digital/cosmos/GET]
[analytics.tiktok.com/i18n/pixel/events.js]
[connect.facebook.net/en_US/fbevents.js]
[hubx.digital/cosmos/Edge/index.html]
[s.pinimg.com/ct/core.js]
[hubx.digital/cosmos/POST]
[cdn-ienfc.nitrocdn.com/lnblwrGSgmazhfqNIrzWhndXPUljvtPN/assets/static/optimized/rev-f8e6f7a/c0.wp.com/c/6.4.2/wp-includes/js/jquery/nitro-min-jquery.min.js]
[cdn-ienfc.nitrocdn.com/lnblwrGSgmazhfqNIrzWhndXPUljvtPN/assets/static/optimized/rev-f8e6f7a/c0.wp.com/c/6.4.2/wp-includes/js/jquery/nitro-min-jquery-migrate.min.js]
[cdn-ienfc.nitrocdn.com/lnblwrGSgmazhfqNIrzWhndXPUljvtPN/assets/static/optimized/rev-f8e6f7a/stats.wp.com/nitro-min-e-202401.js]
[cdn-ienfc.nitrocdn.com/lnblwrGSgmazhfqNIrzWhndXPUljvtPN/assets/static/optimized/rev-f8e6f7a/hubx.digital/wp-content/plugins/cookie-notice/js/nitro-min-164b5be178b51ccbb0337301269fa9fc.front.min.9]
[cdn-ienfc.nitrocdn.com/lnblwrGSgmazhfqNIrzWhndXPUljvtPN/assets/static/optimized/rev-f8e6f7a/hubx.digital/wp-content/plugins/elementor/assets/lib/font-awesome/js/nitro-min-8864726b98ae0c0416683327]
[cdn-ienfc.nitrocdn.com/lnblwrGSgmazhfqNIrzWhndXPUljvtPN/assets/static/optimized/rev-f8e6f7a/c0.wp.com/c/6.4.2/wp-includes/js/jquery/ui/nitro-min-core.min.js]
[cdn-ienfc.nitrocdn.com/lnblwrGSgmazhfqNIrzWhndXPUljvtPN/assets/static/optimized/rev-f8e6f7a/hubx.digital/combinedCss/nitro-min-noimport-2b8891e0882d782c1152775d44c551c8-stylesheet.css]
[cdn-ienfc.nitrocdn.com/lnblwrGSgmazhfqNIrzWhndXPUljvtPN/assets/static/optimized/rev-f8e6f7a/hubx.digital/combinedCss/nitro-min-noimport-3e70cd3313fedd6ada1b86836c099757-stylesheet.css]
[cdn-ienfc.nitrocdn.com/lnblwrGSgmazhfqNIrzWhndXPUljvtPN/assets/static/optimized/rev-f8e6f7a/hubx.digital/wp-content/plugins/jetpack/jetpack_vendor/automattic/jetpack-image/nitro-min-dca92d2ce0f1b]
[cdn-ienfc.nitrocdn.com/lnblwrGSgmazhfqNIrzWhndXPUljvtPN/assets/static/optimized/rev-f8e6f7a/hubx.digital/combinedCss/nitro-min-noimport-1810a27917ec2fd40f8067f1b63c1372-stylesheet.css]
[cdn-ienfc.nitrocdn.com/lnblwrGSgmazhfqNIrzWhndXPUljvtPN/assets/static/optimized/rev-f8e6f7a/hubx.digital/combinedCss/nitro-min-noimport-5ab1117c995de1162ec03cc15b49bedf-stylesheet.css]
[cdn-ienfc.nitrocdn.com/lnblwrGSgmazhfqNIrzWhndXPUljvtPN/assets/static/optimized/rev-f8e6f7a/hubx.digital/combinedCss/nitro-min-noimport-9a7682a1ef19018a749d474dc10ddb50-stylesheet.css]
[hubx.digital/cosmos/index.html]
[cdn-ienfc.nitrocdn.com/lnblwrGSgmazhfqNIrzWhndXPUljvtPN/assets/static/optimized/rev-f8e6f7a/hubx.digital/externalFontFace/nitro-min-noimport-68242706c3061a88be12758cd09ff987-stylesheet.css]
[hubx.digital/cosmos/o,baseURI.html]
[cdn-ienfc.nitrocdn.com/lnblwrGSgmazhfqNIrzWhndXPUljvtPN/assets/static/optimized/rev-f8e6f7a/hubx.digital/wp-content/plugins/page-scroll-to-id/js/nitro-min-725da18ec06ee7e9c7dfae3067943627.page-sc]
[hubx.digital/cosmos/GET.html]
[cdn-ienfc.nitrocdn.com/lnblwrGSgmazhfqNIrzWhndXPUljvtPN/assets/static/optimized/rev-f8e6f7a/hubx.digital/wp-content/plugins/essential-addons-for-elementor-lite/assets/fron/nitro-min-271bcbb3ba439]
[hubx.digital/cosmos/Edge/index.html]
[cdn-ienfc.nitrocdn.com/lnblwrGSgmazhfqNIrzWhndXPUljvtPN/assets/static/optimized/rev-f8e6f7a/hubx.digital/wp-content/plugins/happy-elementor-addons/assets/vendor/slick/nitro-min-40a14a9953d43ac79f]
[cdn-ienfc.nitrocdn.com/lnblwrGSgmazhfqNIrzWhndXPUljvtPN/assets/static/optimized/rev-f8e6f7a/hubx.digital/wp-content/uploads/essential-addons-elementor/nitro-min-b3e35cba6e66c9077b5717865847e9de.e]
[cdn-ienfc.nitrocdn.com/lnblwrGSgmazhfqNIrzWhndXPUljvtPN/assets/static/optimized/rev-f8e6f7a/hubx.digital/wp-content/plugins/elementskit-lite/widgets/init/assets/js/nitro-min-19ce1fbe5db95db130aaf]
[cdn-ienfc.nitrocdn.com/lnblwrGSgmazhfqNIrzWhndXPUljvtPN/assets/static/optimized/rev-f8e6f7a/hubx.digital/wp-content/plugins/elementor/assets/js/nitro-min-8864726b98ae0c0416683327ec781b08.webpack]
[cdn-ienfc.nitrocdn.com/lnblwrGSgmazhfqNIrzWhndXPUljvtPN/assets/static/optimized/rev-f8e6f7a/hubx.digital/wp-content/plugins/happy-elementor-addons/assets/js/nitro-min-40a14a9953d43ac79f4c9420ac5f]
[cdn-ienfc.nitrocdn.com/lnblwrGSgmazhfqNIrzWhndXPUljvtPN/assets/static/optimized/rev-f8e6f7a/hubx.digital/wp-content/plugins/elementor/assets/js/nitro-min-8864726b98ae0c0416683327ec781b08.frontend]
[cdn-ienfc.nitrocdn.com/lnblwrGSgmazhfqNIrzWhndXPUljvtPN/assets/static/optimized/rev-f8e6f7a/hubx.digital/wp-content/plugins/elementor/assets/lib/waypoints/nitro-min-05dab1e7174ef3cb7c002a1ae16cb9]
[cdn-ienfc.nitrocdn.com/lnblwrGSgmazhfqNIrzWhndXPUljvtPN/assets/static/optimized/rev-f8e6f7a/hubx.digital/wp-content/plugins/elementor/assets/js/nitro-min-8864726b98ae0c0416683327ec781b08-2.frontend]
[cdn-ienfc.nitrocdn.com/lnblwrGSgmazhfqNIrzWhndXPUljvtPN/assets/static/optimized/rev-f8e6f7a/hubx.digital/wp-content/plugins/elementskit-lite/widgets/init/assets/js/nitro-min-19ce1fbe5db95db130aaf-2]
[cdn-ienfc.nitrocdn.com/lnblwrGSgmazhfqNIrzWhndXPUljvtPN/assets/static/optimized/rev-f8e6f7a/hubx.digital/wp-content/plugins/elementskit-lite/widgets/init/assets/js/nitro-min-19ce1fbe5db95db130aaf-3]
[hubx.digital/cosmos/b.22.delayed]
[hubx.digital/signals/iwl.js]
[connect.facebook.net/en_US/fbevents.js]
[hubx.digital/cosmos/POST.html]
[hubx.digital/cosmos/schema.org/index.html]
[cdn-ienfc.nitrocdn.com/lnblwrGSgmazhfqNIrzWhndXPUljvtPN/assets/static/optimized/rev-f8e6f7a/hubx.digital/wp-content/plugins/cookie-notice/js/nitro-min-164b5be178b51ccbb0337301269fa9fc.front.min.9]
[cdn-ienfc.nitrocdn.com/lnblwrGSgmazhfqNIrzWhndXPUljvtPN/assets/static/optimized/rev-f8e6f7a/hubx.digital/wp-content/plugins/elementor/assets/lib/font-awesome/js/nitro-min-8864726b98ae0c0416683327]
[cdn-ienfc.nitrocdn.com/lnblwrGSgmazhfqNIrzWhndXPUljvtPN/assets/static/optimized/rev-f8e6f7a/hubx.digital/wp-content/plugins/jetpack/jetpack_vendor/automattic/jetpack-image/nitro-min-dca92d2ce0f1b]
[cdn-ienfc.nitrocdn.com/lnblwrGSgmazhfqNIrzWhndXPUljvtPN/assets/static/optimized/rev-f8e6f7a/hubx.digital/wp-content/plugins/page-scroll-to-id/js/nitro-min-725da18ec06ee7e9c7dfae3067943627.page-sc]
[cdn-ienfc.nitrocdn.com/lnblwrGSgmazhfqNIrzWhndXPUljvtPN/assets/static/optimized/rev-f8e6f7a/hubx.digital/wp-content/plugins/elementskit-lite/libs/framework/assets/js/nitro-min-19ce1fbe5db95db130a]
[cdn-ienfc.nitrocdn.com/lnblwrGSgmazhfqNIrzWhndXPUljvtPN/assets/static/optimized/rev-f8e6f7a/hubx.digital/wp-content/plugins/elementskit-lite/widgets/init/assets/js/nitro-min-19ce1fbe5db95db130aaf]
[cdn-ienfc.nitrocdn.com/lnblwrGSgmazhfqNIrzWhndXPUljvtPN/assets/static/optimized/rev-f8e6f7a/hubx.digital/wp-content/plugins/essential-addons-for-elementor-lite/assets/fron/nitro-min-271bcbb3ba439]
[cdn-ienfc.nitrocdn.com/lnblwrGSgmazhfqNIrzWhndXPUljvtPN/assets/static/optimized/rev-f8e6f7a/hubx.digital/wp-content/uploads/essential-addons-elementor/nitro-min-b3e35cba6e66c9077b5717865847e9de.e]
[cdn-ienfc.nitrocdn.com/lnblwrGSgmazhfqNIrzWhndXPUljvtPN/assets/static/optimized/rev-f8e6f7a/hubx.digital/wp-content/plugins/happy-elementor-addons/assets/vendor/slick/nitro-min-40a14a9953d43ac79f]
[cdn-ienfc.nitrocdn.com/lnblwrGSgmazhfqNIrzWhndXPUljvtPN/assets/static/optimized/rev-f8e6f7a/hubx.digital/wp-content/plugins/happy-elementor-addons/assets/js/nitro-min-40a14a9953d43ac79f4c9420ac5f]
[cdn-ienfc.nitrocdn.com/lnblwrGSgmazhfqNIrzWhndXPUljvtPN/assets/static/optimized/rev-f8e6f7a/hubx.digital/wp-content/plugins/elementor/assets/js/nitro-min-8864726b98ae0c0416683327ec781b08.webpack]
[cdn-ienfc.nitrocdn.com/lnblwrGSgmazhfqNIrzWhndXPUljvtPN/assets/static/optimized/rev-f8e6f7a/hubx.digital/wp-content/plugins/elementor/assets/js/nitro-min-8864726b98ae0c0416683327ec781b08.frontend]
[cdn-ienfc.nitrocdn.com/lnblwrGSgmazhfqNIrzWhndXPUljvtPN/assets/static/optimized/rev-f8e6f7a/hubx.digital/wp-content/plugins/elementor/assets/lib/waypoints/nitro-min-05dab1e7174ef3cb7c002a1ae16cb9]
[hubx.digital/cosmos/Trident/index.html]
[hubx.digital/cosmos/-negative.26.delayed]
[cdn-ienfc.nitrocdn.com/lnblwrGSgmazhfqNIrzWhndXPUljvtPN/assets/static/optimized/rev-f8e6f7a/hubx.digital/wp-content/plugins/elementor/assets/js/nitro-min-8864726b98ae0c0416683327ec781b08-2.frontend]
[cdn-ienfc.nitrocdn.com/lnblwrGSgmazhfqNIrzWhndXPUljvtPN/assets/static/optimized/rev-f8e6f7a/hubx.digital/wp-content/plugins/elementskit-lite/widgets/init/assets/js/nitro-min-19ce1fbe5db95db130aaf-2]
[cdn-ienfc.nitrocdn.com/lnblwrGSgmazhfqNIrzWhndXPUljvtPN/assets/static/optimized/rev-f8e6f7a/hubx.digital/wp-content/plugins/elementskit-lite/widgets/init/assets/js/nitro-min-19ce1fbe5db95db130aaf-3]
[cdn-ienfc.nitrocdn.com/lnblwrGSgmazhfqNIrzWhndXPUljvtPN/assets/static/optimized/rev-f8e6f7a/hubx.digital/combinedCss/nitro-min-noimport-2b8891e0882d782c1152775d44c551c8-stylesheet.css]
[cdn-ienfc.nitrocdn.com/lnblwrGSgmazhfqNIrzWhndXPUljvtPN/assets/static/optimized/rev-f8e6f7a/hubx.digital/combinedCss/nitro-min-noimport-3e70cd3313fedd6ada1b86836c099757-stylesheet.css]
[cdn-ienfc.nitrocdn.com/lnblwrGSgmazhfqNIrzWhndXPUljvtPN/assets/static/optimized/rev-f8e6f7a/hubx.digital/combinedCss/nitro-min-noimport-1810a27917ec2fd40f8067f1b63c1372-stylesheet.css]
[hubx.digital/cosmos/OPR/index.html]
[cdn-ienfc.nitrocdn.com/lnblwrGSgmazhfqNIrzWhndXPUljvtPN/assets/images/optimized/rev-9bd5df4/hubx.digital/wp-content/plugins/h5p/h5p-php-library/images/157612113ce533659b235a200c97c899.throbber.27]
[cdn-ienfc.nitrocdn.com/lnblwrGSgmazhfqNIrzWhndXPUljvtPN/assets/images/optimized/rev-9bd5df4/hubx.digital/wp-content/plugins/elementskit-lite/widgets/init/assets/img/arrow.png]
[cdn-ienfc.nitrocdn.com/lnblwrGSgmazhfqNIrzWhndXPUljvtPN/assets/images/optimized/rev-9bd5df4/i0.wp.com/hubx.digital/wp-content/uploads/2022/06/b33f7fe9e84704a4945c769413055bd1.PRE-VENDA-1.28.delay]
[cdn-ienfc.nitrocdn.com/lnblwrGSgmazhfqNIrzWhndXPUljvtPN/assets/images/optimized/rev-9bd5df4/hubx.digital/wp-content/plugins/elementskit-lite/widgets/init/assets/img/sort_asc.png]
[cdn-ienfc.nitrocdn.com/lnblwrGSgmazhfqNIrzWhndXPUljvtPN/assets/images/optimized/rev-9bd5df4/hubx.digital/wp-content/plugins/elementskit-lite/widgets/init/assets/img/sort_desc.png]
[cdn-ienfc.nitrocdn.com/lnblwrGSgmazhfqNIrzWhndXPUljvtPN/assets/images/optimized/rev-9bd5df4/hubx.digital/wp-content/plugins/elementskit-lite/widgets/init/assets/img/sort_asc_disabled.png]
[cdn-ienfc.nitrocdn.com/lnblwrGSgmazhfqNIrzWhndXPUljvtPN/assets/images/optimized/rev-9bd5df4/hubx.digital/wp-content/plugins/happy-elementor-addons/assets/vendor/slick/ajax-loader.gif]
[cdn-ienfc.nitrocdn.com/lnblwrGSgmazhfqNIrzWhndXPUljvtPN/assets/images/optimized/rev-9bd5df4/c0.wp.com/p/jetpack/12.8.1/modules/shortcodes/img/slideshow-controls.png]
[cdn-ienfc.nitrocdn.com/lnblwrGSgmazhfqNIrzWhndXPUljvtPN/assets/images/optimized/rev-9bd5df4/c0.wp.com/p/jetpack/12.8.1/modules/shortcodes/img/slideshow-controls-2x.png]
[cdn-ienfc.nitrocdn.com/lnblwrGSgmazhfqNIrzWhndXPUljvtPN/assets/images/optimized/rev-9bd5df4/c0.wp.com/p/jetpack/12.8.1/modules/shortcodes/images/slide-nav.png]
[cdn-ienfc.nitrocdn.com/lnblwrGSgmazhfqNIrzWhndXPUljvtPN/assets/images/optimized/rev-9bd5df4/c0.wp.com/p/jetpack/12.8.1/modules/shortcodes/images/expand.png]
[cdn-ienfc.nitrocdn.com/lnblwrGSgmazhfqNIrzWhndXPUljvtPN/assets/images/optimized/rev-9bd5df4/c0.wp.com/p/jetpack/12.8.1/modules/shortcodes/images/collapse.png]
[cdn-ienfc.nitrocdn.com/lnblwrGSgmazhfqNIrzWhndXPUljvtPN/assets/images/source/rev-9bd5df4/secure.gravatar.com/images/grav-share-sprite.png]
[cdn-ienfc.nitrocdn.com/lnblwrGSgmazhfqNIrzWhndXPUljvtPN/assets/images/source/rev-9bd5df4/secure.gravatar.com/images/grav-share-sprite-2x.png]
[cdn-ienfc.nitrocdn.com/lnblwrGSgmazhfqNIrzWhndXPUljvtPN/assets/static/optimized/rev-f8e6f7a/hubx.digital/combinedCss/nitro-min-noimport-5ab1117c995de1162ec03cc15b49bedf-stylesheet.css]
[cdn-ienfc.nitrocdn.com/lnblwrGSgmazhfqNIrzWhndXPUljvtPN/assets/static/optimized/rev-f8e6f7a/hubx.digital/combinedCss/nitro-min-noimport-9a7682a1ef19018a749d474dc10ddb50-stylesheet.css]
[cdn-ienfc.nitrocdn.com/lnblwrGSgmazhfqNIrzWhndXPUljvtPN/assets/static/optimized/rev-f8e6f7a/hubx.digital/externalFontFace/nitro-min-noimport-68242706c3061a88be12758cd09ff987-stylesheet.css]
[hubx.digital/cosmos/schema.org/index.html]
[hubx.digital/cosmos/b.html]
[hubx.digital/signals/iwl.html]
[hubx.digital/cosmos/Trident/index.html]
[hubx.digital/cosmos/-negative.html]
[hubx.digital/cosmos/OPR/index.html]
